# 1.2 Basic information

## template

### Hardware.Disks

- DEST_DISK: {{ index .Hardware.Disks 0 }} :
  이건 hardware disks의 0번째 값을 가져온다.

```yaml
disks:
  - device: '{{ index .Hardware.Disks 0 }}'
```

이렇게 생겻으면

```yaml
- DEST_DISK: /dev/vda
```

라고 랜더링 된다.

vm으로 테스트중이라 /dev/vda지만 일반적으로는 /dev/sda 이다.
nvme일수도 있다 이건 하드 디스크에 따라서 다르다.

### grow-partition

일반적으로 cloud image는 용량이 작다. 그런데 baremetal서버에 적용하게 되면 큰 하드디스크를 모두 사용하지 못하게 된다. 이때는 보통 / 파티션을 전체크기로 늘려준다.

```sh
growpart /dev/vda 1 && resize2fs /dev/vda1"
```

일반적으로 이런 명령어를 실행하면된다. cexec를 이용하여 이걸 실행해주는것이다.

중요한건 vda다음에 있는 숫자 1인데 이게 뭔지를 알아야한다.

클라우드이미지를 배포한후 다음 내용을 확인해보자.

```sh
lsblk

NAME    MAJ:MIN RM  SIZE RO TYPE MOUNTPOINTS
loop0     7:0    0 63.7M  1 loop /snap/core20/2496
loop1     7:1    0 89.4M  1 loop /snap/lxd/31333
loop2     7:2    0 44.4M  1 loop /snap/snapd/23771
sr0      11:0    1  368K  0 rom
vda     252:0    0  2.2G  0 disk
├─vda1  252:1    0  2.1G  0 part /
├─vda14 252:14   0    4M  0 part
└─vda15 252:15   0  106M  0 part /boot/efi

fdisk -l

Disk /dev/vda: 10 GiB, 10737418240 bytes, 20971520 sectors
Units: sectors of 1 * 512 = 512 bytes
Sector size (logical/physical): 512 bytes / 512 bytes
I/O size (minimum/optimal): 512 bytes / 512 bytes
Disklabel type: gpt
Disk identifier: 895D1DBF-406E-49BC-8187-11A88ACFEB7C

Device       Start      End  Sectors  Size Type
/dev/vda1     2048     4095     2048    1M BIOS boot
/dev/vda2     4096   413695   409600  200M EFI System
/dev/vda3   413696  2510847  2097152    1G Linux filesystem
/dev/vda4  2510848 20969471 18458624  8.8G Linux filesystem
```

vda1 이 `/` 여서 template에서 `{{ index .Hardware.Disks 0 }}1` 이것은 `vda1` 을 의미한다.

### kexec

kexec에서도 비슷한 코드를 실행하는것을 볼수 있다.

`{{ formatPartition ( index .Hardware.Disks 0 ) 1 }}`

이렇게 하면 partition이 조금더 안전하다고 하는데 잘모르겟다 아무튼 kexec는 boot 파티션을 지정해줘야한다.

ubuntu는 /에 boot가 있다 그래서 이처럼 1번을 사용하면 되는것이다.

다른 이미지는 /boot가 따로 있는경우가 있다 그때는 /boot 파티션 번호를써야한다.

## workflow

52:54:00:ff:54:38 처럼 mac address가 매치가 되면 hookos가 이걸 사용한다.

template도 지정하고 hardware도 지정하자. 서로 매핑을 해서 사용을 편하게 한다.

여기에서 어느날은 ubuntu를 쓰지만 다음에는 centos를설치할 필요가 있으면 template name만 수정하면 다른 os를 설치할수 있따.

## hardware

hookos가 사용하기 위한 정보같다.
